{"error":"error while calling the request to confirm the account: pq: there is no parameter $1","level":"ERROR","message":"confirm account request error","source":"/home/kedr/code/github.com/KedroPedro/obyavigo/internal/api/handlers.go","time":"2025-10-15T12:01:54+03:00"}
{"error":"error while trying to delete account: pq: missing FROM-clause entry for table \"site\"","level":"ERROR","message":"delete account request error","source":"/home/kedr/code/github.com/KedroPedro/obyavigo/internal/api/handlers.go","time":"2025-10-15T12:04:00+03:00"}
{"error":"error while trying to delete account: pq: missing FROM-clause entry for table \"site\"","level":"ERROR","message":"delete account request error","source":"/home/kedr/code/github.com/KedroPedro/obyavigo/internal/api/handlers.go","time":"2025-10-15T12:04:56+03:00"}
{"error":"error while trying to delete account: pq: missing FROM-clause entry for table \"site\"","level":"ERROR","message":"delete account request error","source":"/home/kedr/code/github.com/KedroPedro/obyavigo/internal/api/handlers.go","time":"2025-10-15T12:04:57+03:00"}
{"level":"ERROR","message":"failed to ping mongodb: server selection error: context deadline exceeded, current topology: { Type: Unknown, Servers: [{ Addr: 127.0.0.1:27017, Type: Unknown, Last error: dial tcp 127.0.0.1:27017: connect: connection refused }, ] }","source":"/home/kedr/code/github.com/KedroPedro/obyavigo/cmd/obyavigo/main.go","time":"2025-10-18T08:47:32+03:00"}
{"level":"ERROR","message":"failed to ping mongodb: server selection error: context deadline exceeded, current topology: { Type: Unknown, Servers: [{ Addr: 127.0.0.1:27017, Type: Unknown, Last error: dial tcp 127.0.0.1:27017: connect: connection refused }, ] }","source":"/home/kedr/code/github.com/KedroPedro/obyavigo/cmd/obyavigo/main.go","time":"2025-10-18T08:49:01+03:00"}
{"error":"error while trying to get user auth data by email: pq: got 1 parameters but the statement requires 0","level":"ERROR","message":"get auth info by email error","source":"/home/kedr/code/github.com/KedroPedro/obyavigo/internal/api/handlers.go","time":"2025-10-18T21:41:59+03:00"}
{"error":"key is of invalid type: HMAC sign expects []byte","level":"ERROR","message":"generate jwt token error","source":"/home/kedr/code/github.com/KedroPedro/obyavigo/internal/api/handlers.go","time":"2025-10-18T21:43:33+03:00"}
{"level":"ERROR","message":"error while parsing token","source":"/home/kedr/code/github.com/KedroPedro/obyavigo/internal/api/middlewares.go","time":"2025-10-18T21:44:52+03:00"}
{"level":"ERROR","message":"error while parsing token","source":"/home/kedr/code/github.com/KedroPedro/obyavigo/internal/api/middlewares.go","time":"2025-10-18T21:45:02+03:00"}
{"level":"ERROR","message":"error while parsing token","source":"/home/kedr/code/github.com/KedroPedro/obyavigo/internal/api/middlewares.go","time":"2025-10-18T21:45:03+03:00"}
{"level":"ERROR","message":"error while parsing token","source":"/home/kedr/code/github.com/KedroPedro/obyavigo/internal/api/middlewares.go","time":"2025-10-18T21:45:22+03:00"}
{"level":"ERROR","message":"error while parsing token","source":"/home/kedr/code/github.com/KedroPedro/obyavigo/internal/api/middlewares.go","time":"2025-10-18T21:45:31+03:00"}
{"level":"ERROR","message":"error while parsing token","source":"/home/kedr/code/github.com/KedroPedro/obyavigo/internal/api/middlewares.go","time":"2025-10-18T21:45:37+03:00"}
{"level":"ERROR","message":"error while parsing token","source":"/home/kedr/code/github.com/KedroPedro/obyavigo/internal/api/middlewares.go","time":"2025-10-18T21:46:41+03:00"}
{"error":"token signature is invalid: key is of invalid type: HMAC verify expects []byte","level":"ERROR","message":"error while parsing token","source":"/home/kedr/code/github.com/KedroPedro/obyavigo/internal/api/middlewares.go","time":"2025-10-18T21:47:51+03:00"}
{"error":"request Content-Type isn't multipart/form-data","level":"ERROR","message":"error while parse multipart form","source":"/home/kedr/code/github.com/KedroPedro/obyavigo/internal/api/general.go","time":"2025-10-19T22:14:13+03:00"}
{"error":"request Content-Type isn't multipart/form-data","level":"ERROR","message":"error while parsing multipart form","source":"/home/kedr/code/github.com/KedroPedro/obyavigo/internal/api/general.go","time":"2025-10-19T22:36:23+03:00"}
{"error":"error while executing get ad info request: sql: Scan error on column index 10, name \"updated_at\": unsupported Scan, storing driver.Value type \u003cnil\u003e into type *time.Time","level":"ERROR","message":"error while trying to get ad data","source":"/home/kedr/code/github.com/KedroPedro/obyavigo/internal/api/general.go","time":"2025-10-19T23:28:53+03:00"}
{"error":"error while executing get ad info request: sql: Scan error on column index 0, name \"id\": destination not a pointer","level":"ERROR","message":"error while trying to get ad data","source":"/home/kedr/code/github.com/KedroPedro/obyavigo/internal/api/general.go","time":"2025-10-19T23:31:19+03:00"}
{"error":"error while trying to convert any value to a string","level":"ERROR","message":"error while trying to get user id from context","source":"/home/kedr/code/github.com/KedroPedro/obyavigo/internal/api/general.go","time":"2025-10-20T23:32:43+03:00"}
{"error":"error while trying to convert any value to a string","level":"ERROR","message":"error while trying to get user id from context","source":"/home/kedr/code/github.com/KedroPedro/obyavigo/internal/api/general.go","time":"2025-10-20T23:32:50+03:00"}
{"error":"error while trying to convert any value to a string","level":"ERROR","message":"error while trying to get user id from context","source":"/home/kedr/code/github.com/KedroPedro/obyavigo/internal/api/general.go","time":"2025-10-20T23:32:52+03:00"}
{"error":"error while trying to convert any value to a string","level":"ERROR","message":"error while trying to get user id from context","source":"/home/kedr/code/github.com/KedroPedro/obyavigo/internal/api/general.go","time":"2025-10-20T23:33:09+03:00"}
{"error":"error while trying to convert any value to a string","level":"ERROR","message":"error while trying to get user id from context","source":"/home/kedr/code/github.com/KedroPedro/obyavigo/internal/api/general.go","time":"2025-10-20T23:42:09+03:00"}
{"error":"error while trying to convert any value to a string","level":"ERROR","message":"error while trying to get user id from context","source":"/home/kedr/code/github.com/KedroPedro/obyavigo/internal/api/general.go","time":"2025-10-20T23:42:14+03:00"}
{"error":"error while trying to convert any value to a string","level":"ERROR","message":"error while trying to get user id from context","source":"/home/kedr/code/github.com/KedroPedro/obyavigo/internal/api/general.go","time":"2025-10-20T23:43:00+03:00"}
{"error":"error while trying to convert any value to a string","level":"ERROR","message":"error while trying to get user id from context","source":"/home/kedr/code/github.com/KedroPedro/obyavigo/internal/api/general.go","time":"2025-10-20T23:43:01+03:00"}
{"error":"error while trying to convert any value to a string","level":"ERROR","message":"error while trying to get user id from context","source":"/home/kedr/code/github.com/KedroPedro/obyavigo/internal/api/general.go","time":"2025-10-20T23:43:01+03:00"}
{"error":"error while trying to convert any value to a string","level":"ERROR","message":"error while trying to get user id from context","source":"/home/kedr/code/github.com/KedroPedro/obyavigo/internal/api/general.go","time":"2025-10-20T23:43:01+03:00"}
{"error":"error while trying to convert any value to a string","level":"ERROR","message":"error while trying to get user id from context","source":"/home/kedr/code/github.com/KedroPedro/obyavigo/internal/api/general.go","time":"2025-10-20T23:43:05+03:00"}
{"error":"error while trying to convert any value to a string","level":"ERROR","message":"error while trying to get user id from context","source":"/home/kedr/code/github.com/KedroPedro/obyavigo/internal/api/general.go","time":"2025-10-20T23:43:05+03:00"}
{"error":"error while trying to convert any value to a string","level":"ERROR","message":"error while trying to get user id from context","source":"/home/kedr/code/github.com/KedroPedro/obyavigo/internal/api/general.go","time":"2025-10-20T23:43:05+03:00"}
{"error":"error while trying to convert any value to a string","level":"ERROR","message":"error while trying to get user id from context","source":"/home/kedr/code/github.com/KedroPedro/obyavigo/internal/api/general.go","time":"2025-10-20T23:43:28+03:00"}
{"!BADKEY":{"Op":"listen","Net":"tcp","Source":null,"Addr":{"IP":"","Port":80,"Zone":""},"Err":{"Syscall":"bind","Err":13}},"level":"ERROR","message":"HTTP redirect server failed: %w","source":"/home/kedr/code/github.com/KedroPedro/obyavigo/cmd/obyavigo/main.go","time":"2025-10-20T23:48:36+03:00"}
{"error":"listen tcp :80: bind: permission denied","level":"ERROR","message":"HTTP redirect server failed","source":"/home/kedr/code/github.com/KedroPedro/obyavigo/cmd/obyavigo/main.go","time":"2025-10-20T23:49:36+03:00"}
{"level":"ERROR","message":"error shutdown the server","source":"/home/kedr/code/github.com/KedroPedro/obyavigo/cmd/obyavigo/main.go","time":"2025-10-20T23:53:03+03:00"}
{"level":"ERROR","message":"error shutdown the server","source":"/home/kedr/code/github.com/KedroPedro/obyavigo/cmd/obyavigo/main.go","time":"2025-10-20T23:55:22+03:00"}
{"level":"ERROR","message":"error shutdown the server","source":"/home/kedr/code/github.com/KedroPedro/obyavigo/cmd/obyavigo/main.go","time":"2025-10-20T23:55:30+03:00"}
{"level":"ERROR","message":"error shutdown the server","source":"/home/kedr/code/github.com/KedroPedro/obyavigo/cmd/obyavigo/main.go","time":"2025-10-20T23:57:04+03:00"}
{"error":"listen tcp :8080: bind: address already in use","level":"ERROR","message":"HTTP redirect server failed","source":"/home/kedr/code/github.com/KedroPedro/obyavigo/cmd/obyavigo/main.go","time":"2025-10-21T22:40:59+03:00"}
{"level":"ERROR","message":"error shutdown the server","source":"/home/kedr/code/github.com/KedroPedro/obyavigo/cmd/obyavigo/main.go","time":"2025-10-21T22:40:59+03:00"}
{"error":"listen tcp :8080: bind: address already in use","level":"ERROR","message":"HTTP redirect server failed","source":"/home/kedr/code/github.com/KedroPedro/obyavigo/cmd/obyavigo/main.go","time":"2025-10-21T22:41:09+03:00"}
{"level":"ERROR","message":"error shutdown the server","source":"/home/kedr/code/github.com/KedroPedro/obyavigo/cmd/obyavigo/main.go","time":"2025-10-21T22:41:09+03:00"}
{"error":"listen tcp :8080: bind: address already in use","level":"ERROR","message":"HTTP redirect server failed","source":"/home/kedr/code/github.com/KedroPedro/obyavigo/cmd/obyavigo/main.go","time":"2025-10-21T22:41:12+03:00"}
{"level":"ERROR","message":"error shutdown the server","source":"/home/kedr/code/github.com/KedroPedro/obyavigo/cmd/obyavigo/main.go","time":"2025-10-21T22:41:12+03:00"}
{"error":"listen tcp :8080: bind: address already in use","level":"ERROR","message":"HTTP redirect server failed","source":"/home/kedr/code/github.com/KedroPedro/obyavigo/cmd/obyavigo/main.go","time":"2025-10-21T22:41:14+03:00"}
{"level":"ERROR","message":"error shutdown the server","source":"/home/kedr/code/github.com/KedroPedro/obyavigo/cmd/obyavigo/main.go","time":"2025-10-21T22:41:14+03:00"}
{"error":"listen tcp :8080: bind: address already in use","level":"ERROR","message":"HTTP redirect server failed","source":"/home/kedr/code/github.com/KedroPedro/obyavigo/cmd/obyavigo/main.go","time":"2025-10-21T22:42:01+03:00"}
{"level":"ERROR","message":"error shutdown the server","source":"/home/kedr/code/github.com/KedroPedro/obyavigo/cmd/obyavigo/main.go","time":"2025-10-21T22:42:01+03:00"}
{"error":"listen tcp :8080: bind: address already in use","level":"ERROR","message":"HTTP redirect server failed","source":"/home/kedr/code/github.com/KedroPedro/obyavigo/cmd/obyavigo/main.go","time":"2025-10-21T22:42:05+03:00"}
{"level":"ERROR","message":"error shutdown the server","source":"/home/kedr/code/github.com/KedroPedro/obyavigo/cmd/obyavigo/main.go","time":"2025-10-21T22:42:05+03:00"}
{"error":"listen tcp :8080: bind: address already in use","level":"ERROR","message":"HTTP redirect server failed","source":"/home/kedr/code/github.com/KedroPedro/obyavigo/cmd/obyavigo/main.go","time":"2025-10-21T22:42:10+03:00"}
{"level":"ERROR","message":"error shutdown the server","source":"/home/kedr/code/github.com/KedroPedro/obyavigo/cmd/obyavigo/main.go","time":"2025-10-21T22:42:10+03:00"}
{"error":"listen tcp :8080: bind: address already in use","level":"ERROR","message":"HTTP redirect server failed","source":"/home/kedr/code/github.com/KedroPedro/obyavigo/cmd/obyavigo/main.go","time":"2025-10-21T22:43:34+03:00"}
{"level":"ERROR","message":"error shutdown the server","source":"/home/kedr/code/github.com/KedroPedro/obyavigo/cmd/obyavigo/main.go","time":"2025-10-21T22:43:34+03:00"}
{"error":"error while trying to convert any value to a string","level":"ERROR","message":"error while trying to get user id from context","source":"/home/kedr/code/github.com/KedroPedro/obyavigo/internal/api/general.go","time":"2025-10-22T08:29:34+03:00"}
{"error":"error while trying to convert any value to a string","level":"ERROR","message":"error while trying to get user id from context","source":"/home/kedr/code/github.com/KedroPedro/obyavigo/internal/api/general.go","time":"2025-10-22T08:29:35+03:00"}
{"error":"listen tcp :8080: bind: address already in use","level":"ERROR","message":"HTTP redirect server failed","source":"/home/kedr/code/github.com/KedroPedro/obyavigo/cmd/obyavigo/main.go","time":"2025-10-22T11:22:50+03:00"}
{"level":"ERROR","message":"error shutdown the server","source":"/home/kedr/code/github.com/KedroPedro/obyavigo/cmd/obyavigo/main.go","time":"2025-10-22T11:22:50+03:00"}
{"error":"listen tcp :8080: bind: address already in use","level":"ERROR","message":"HTTP redirect server failed","source":"/home/kedr/code/github.com/KedroPedro/obyavigo/cmd/obyavigo/main.go","time":"2025-10-22T11:25:36+03:00"}
{"level":"ERROR","message":"error shutdown the server","source":"/home/kedr/code/github.com/KedroPedro/obyavigo/cmd/obyavigo/main.go","time":"2025-10-22T11:25:36+03:00"}
{"error":"template: ad.html:364:46: executing \"ad.html\" at \u003c.SellerName\u003e: can't evaluate field SellerName in type *models.AdTemplate","level":"ERROR","message":"asdf","source":"/home/kedr/code/github.com/KedroPedro/obyavigo/internal/api/general.go","time":"2025-10-22T11:43:06+03:00"}
